Microsoft Windows [Version 10.0.26100.4061]
(c) Microsoft Corporation. All rights reserved.

C:\Users\Taffeta\Desktop\watoui_git>git -v
git version 2.49.0.windows.1

C:\Users\Taffeta\Desktop\watoui_git>git init
Initialized empty Git repository in C:/Users/Taffeta/Desktop/watoui_git/.git/

C:\Users\Taffeta\Desktop\watoui_git>git add .
warning: in the working copy of 'imgs/Ellipse_01_01.svg', LF will be replaced by CRLF the next time Git touches it
warning: in the working copy of 'imgs/Ellipse_01_02.svg', LF will be replaced by CRLF the next time Git touches it
warning: in the working copy of 'imgs/Ellipse_02_01.svg', LF will be replaced by CRLF the next time Git touches it
warning: in the working copy of 'imgs/Ellipse_02_02.svg', LF will be replaced by CRLF the next time Git touches it
warning: in the working copy of 'imgs/Ellipse_03_01.svg', LF will be replaced by CRLF the next time Git touches it
warning: in the working copy of 'imgs/Ellipse_03_02.svg', LF will be replaced by CRLF the next time Git touches it
warning: in the working copy of 'imgs/Facebook_f_logo_2021.svg 1.svg', LF will be replaced by CRLF the next time Git touches it
warning: in the working copy of 'imgs/Group 2.svg', LF will be replaced by CRLF the next time Git touches it
warning: in the working copy of 'imgs/Instagram_logo_2016.svg 1.svg', LF will be replaced by CRLF the next time Git touches it
warning: in the working copy of 'imgs/about_upper_right.svg', LF will be replaced by CRLF the next time Git touches it
warning: in the working copy of 'imgs/arrow_svg.svg', LF will be replaced by CRLF the next time Git touches it
warning: in the working copy of 'imgs/artist-bottom-left.svg', LF will be replaced by CRLF the next time Git touches it
warning: in the working copy of 'imgs/artist-bottom-right.svg', LF will be replaced by CRLF the next time Git touches it
warning: in the working copy of 'imgs/artist-upper-right.svg', LF will be replaced by CRLF the next time Git touches it
warning: in the working copy of 'imgs/artist_bottom_right.svg', LF will be replaced by CRLF the next time Git touches it
warning: in the working copy of 'imgs/artist_upper_left.svg', LF will be replaced by CRLF the next time Git touches it
warning: in the working copy of 'imgs/calligraphy.svg', LF will be replaced by CRLF the next time Git touches it
warning: in the working copy of 'imgs/chawan_circle.svg', LF will be replaced by CRLF the next time Git touches it
warning: in the working copy of 'imgs/circle_matcha.svg', LF will be replaced by CRLF the next time Git touches it
warning: in the working copy of 'imgs/circle_noboli_kiln.svg', LF will be replaced by CRLF the next time Git touches it
warning: in the working copy of 'imgs/cup_circle.svg', LF will be replaced by CRLF the next time Git touches it
warning: in the working copy of 'imgs/dishes_circle.svg', LF will be replaced by CRLF the next time Git touches it
warning: in the working copy of 'imgs/hamburger_svg.svg', LF will be replaced by CRLF the next time Git touches it
warning: in the working copy of 'imgs/info_somotsuke_natsu.svg', LF will be replaced by CRLF the next time Git touches it
warning: in the working copy of 'imgs/logo_v3_40h.svg', LF will be replaced by CRLF the next time Git touches it
warning: in the working copy of 'imgs/matcha_illust.svg', LF will be replaced by CRLF the next time Git touches it

C:\Users\Taffeta\Desktop\watoui_git>git status
On branch master

No commits yet

Changes to be committed:
  (use "git rm --cached <file>..." to unstage)
        new file:   favicon_io/android-chrome-192x192.png
        new file:   favicon_io/android-chrome-512x512.png
        new file:   favicon_io/apple-touch-icon.png
        new file:   favicon_io/favicon-16x16.png
        new file:   favicon_io/favicon-32x32.png
        new file:   favicon_io/favicon.ico
        new file:   favicon_io/site.webmanifest
        new file:   imgs/Ellipse_01_01.svg
        new file:   imgs/Ellipse_01_02.svg
        new file:   imgs/Ellipse_02_01.svg
        new file:   imgs/Ellipse_02_02.svg
        new file:   imgs/Ellipse_03_01.svg
        new file:   imgs/Ellipse_03_02.svg
        new file:   imgs/Facebook_f_logo_2021.svg 1.svg
        new file:   imgs/Group 2.svg
        new file:   imgs/Instagram_logo_2016.svg 1.svg
        new file:   imgs/about_upper_right.svg
        new file:   imgs/area_subnavi_wp.webp
        new file:   imgs/arrow_svg.svg
        new file:   imgs/artist-bottom-left.svg
        new file:   imgs/artist-bottom-right.svg
        new file:   imgs/artist-upper-right.svg
        new file:   imgs/artist_bottom_right.svg
        new file:   imgs/artist_upper_left.svg
        new file:   imgs/autumn_feast.jpg
        new file:   imgs/calligraphy.svg
        new file:   imgs/chawan_circle.svg
        new file:   imgs/circle_600_dish.png
        new file:   imgs/circle_matcha.svg
        new file:   imgs/circle_noboli_kiln.svg
        new file:   imgs/cup_circle.svg
        new file:   imgs/dishes_circle.svg
        new file:   imgs/favicon_io.zip
        new file:   imgs/genre_chawan_subnavi.jpg
        new file:   imgs/hamburger_svg.svg
        new file:   imgs/hero_image01_wp.webp
        new file:   imgs/img_toki.jpg
        new file:   imgs/info_somotsuke_natsu.svg
        new file:   imgs/interview_subnavi_wp.webp
        new file:   imgs/interview_yamadasan.webp
        new file:   imgs/iwamurasan.jpg
        new file:   imgs/kaga_tonabe.webp
        new file:   imgs/logo_v3_40h.svg
        new file:   imgs/matcha_illust.svg
        new file:   imgs/potter_wheel.jpg
        new file:   imgs/shop_corner.jpg
        new file:   imgs/shop_subnavi_wb.webp
        new file:   imgs/somotsuke_natsu.webp
        new file:   imgs/tea_ceremony.jpg
        new file:   index.html
        new file:   scripts/index.js
        new file:   styles/index.css


C:\Users\Taffeta\Desktop\watoui_git>git commit -m "first commit"
[master (root-commit) 82e1d33] first commit
 52 files changed, 1327 insertions(+)
 create mode 100644 favicon_io/android-chrome-192x192.png
 create mode 100644 favicon_io/android-chrome-512x512.png
 create mode 100644 favicon_io/apple-touch-icon.png
 create mode 100644 favicon_io/favicon-16x16.png
 create mode 100644 favicon_io/favicon-32x32.png
 create mode 100644 favicon_io/favicon.ico
 create mode 100644 favicon_io/site.webmanifest
 create mode 100644 imgs/Ellipse_01_01.svg
 create mode 100644 imgs/Ellipse_01_02.svg
 create mode 100644 imgs/Ellipse_02_01.svg
 create mode 100644 imgs/Ellipse_02_02.svg
 create mode 100644 imgs/Ellipse_03_01.svg
 create mode 100644 imgs/Ellipse_03_02.svg
 create mode 100644 imgs/Facebook_f_logo_2021.svg 1.svg
 create mode 100644 imgs/Group 2.svg
 create mode 100644 imgs/Instagram_logo_2016.svg 1.svg
 create mode 100644 imgs/about_upper_right.svg
 create mode 100644 imgs/area_subnavi_wp.webp
 create mode 100644 imgs/arrow_svg.svg
 create mode 100644 imgs/artist-bottom-left.svg
 create mode 100644 imgs/artist-bottom-right.svg
 create mode 100644 imgs/artist-upper-right.svg
 create mode 100644 imgs/artist_bottom_right.svg
 create mode 100644 imgs/artist_upper_left.svg
 create mode 100644 imgs/autumn_feast.jpg
 create mode 100644 imgs/calligraphy.svg
 create mode 100644 imgs/chawan_circle.svg
 create mode 100644 imgs/circle_600_dish.png
 create mode 100644 imgs/circle_matcha.svg
 create mode 100644 imgs/circle_noboli_kiln.svg
 create mode 100644 imgs/cup_circle.svg
 create mode 100644 imgs/dishes_circle.svg
 create mode 100644 imgs/favicon_io.zip
 create mode 100644 imgs/genre_chawan_subnavi.jpg
 create mode 100644 imgs/hamburger_svg.svg
 create mode 100644 imgs/hero_image01_wp.webp
 create mode 100644 imgs/img_toki.jpg
 create mode 100644 imgs/info_somotsuke_natsu.svg
 create mode 100644 imgs/interview_subnavi_wp.webp
 create mode 100644 imgs/interview_yamadasan.webp
 create mode 100644 imgs/iwamurasan.jpg
 create mode 100644 imgs/kaga_tonabe.webp
 create mode 100644 imgs/logo_v3_40h.svg
 create mode 100644 imgs/matcha_illust.svg
 create mode 100644 imgs/potter_wheel.jpg
 create mode 100644 imgs/shop_corner.jpg
 create mode 100644 imgs/shop_subnavi_wb.webp
 create mode 100644 imgs/somotsuke_natsu.webp
 create mode 100644 imgs/tea_ceremony.jpg
 create mode 100644 index.html
 create mode 100644 scripts/index.js
 create mode 100644 styles/index.css

C:\Users\Taffeta\Desktop\watoui_git>git log
commit 82e1d33fc74eadbba136bbab56e38a17bfc56c64 (HEAD -> master)
Author: lskfrantz <rishoukin@gmail.com>
Date:   Tue Jun 3 18:53:07 2025 +0800

    first commit

C:\Users\Taffeta\Desktop\watoui_git>git remote add origin https://github.com/lskfrantz/watoui_git.git

C:\Users\Taffeta\Desktop\watoui_git>git branch -M master

C:\Users\Taffeta\Desktop\watoui_git>git push -u origin master
Enumerating objects: 58, done.
Counting objects: 100% (58/58), done.
Delta compression using up to 12 threads
Compressing objects: 100% (56/56), done.
Writing objects: 100% (58/58), 32.11 MiB | 3.55 MiB/s, done.
Total 58 (delta 3), reused 0 (delta 0), pack-reused 0 (from 0)
remote: Resolving deltas: 100% (3/3), done.
To https://github.com/lskfrantz/watoui_git.git
 * [new branch]      master -> master
branch 'master' set up to track 'origin/master'.

C:\Users\Taffeta\Desktop\watoui_git>